// Jest Snapshot v1, https://goo.gl/fbAQLP

exports[`base 1`] = `
<View
  collapsable={true}
  pointerEvents="box-none"
  style={
    Object {
      "flex": 1,
    }
  }
>
  <RCTSafeAreaView
    emulateUnlessSupported={true}
    style={
      Object {
        "backgroundColor": "#F5F8FC",
        "flex": 1,
      }
    }
  >
    <RCTScrollView
      style={
        Object {
          "flex": 1,
        }
      }
    >
      <View>
        <Image
          source={
            Object {
              "testUri": "../../../app/assets/images/assessment/illustration-screening-end-caregiver.png",
            }
          }
          style={
            Object {
              "height": 600,
              "width": 750,
            }
          }
        />
        <View
          style={
            Object {
              "padding": 20,
            }
          }
        >
          <Text
            style={
              Array [
                Object {
                  "fontFamily": "IBMPlexSans-Bold",
                  "fontSize": 30,
                  "marginBottom": 10,
                },
                Object {
                  "color": undefined,
                },
              ]
            }
          >
            Notify Caregiver
          </Text>
          <Text
            style={
              Object {
                "fontFamily": "IBMPlexSans",
                "fontSize": 20,
                "lineHeight": 26,
                "marginBottom": 30,
              }
            }
            testID="description"
          >
            Notify a healthcare provider in your long-term care facility. Living in a long-term care facility or nursing home may put you at risk for severe illness.


            <Text
              style={
                Object {
                  "fontFamily": "IBMPlexSans-Bold",
                }
              }
            >
              Tell a caregiver
            </Text>
             at the facility that you are sick and need to see a medical provider as soon as possible.
          </Text>
        </View>
      </View>
    </RCTScrollView>
    <View
      style={
        Object {
          "padding": 20,
        }
      }
    >
      <View
        accessible={true}
        focusable={true}
        isTVSelectable={true}
        style={
          Object {
            "opacity": 1,
          }
        }
        testID="assessment-button"
      >
        <View
          style={
            Array [
              Object {
                "borderRadius": 12,
                "padding": 14,
              },
              Object {
                "backgroundColor": "rgb(0,121,253)",
              },
            ]
          }
        >
          <Text
            style={
              Object {
                "color": "#FFF",
                "fontFamily": "IBMPlexSans-Bold",
                "fontSize": 18,
                "textAlign": "center",
              }
            }
          >
            Next
          </Text>
        </View>
      </View>
    </View>
  </RCTSafeAreaView>
</View>
`;
